// Jest Snapshot v1, https://goo.gl/fbAQLP

exports[`<Message /> renders correctly 1`] = `
<div
  className="message slideInDown success"
  onMouseEnter={[Function]}
  onMouseLeave={[Function]}
>
  提示内容
</div>
`;
